2026-10-01 11:05:50 INFO __main__ Checking https://example.com
2026-10-01 11:05:50 INFO __main__ Site is UP: https://example.com (0.27 s)
2026-10-01 11:18:14 INFO __main__ Checking https://example.com
2026-10-01 11:18:14 INFO __main__ Checking https://example.com (timeout=5.0)
2026-10-01 11:18:15 INFO __main__ Site is UP: https://example.com (0.23 s)
2026-10-01 11:21:17 INFO __main__ Checking https://example.com
2026-10-01 11:21:17 INFO __main__ Checking https://example.com (timeout=5.0)
2026-10-01 11:21:17 INFO __main__ Site is UP: https://example.com (0.22 s)
2026-10-01 11:46:58 INFO __main__ Checking https://example.com (timeout=5.0)
2026-10-01 11:46:58 INFO __main__ Site is UP: https://example.com (0.23 s)
2026-10-01 11:48:19 INFO __main__ Checking https://example.com (timeout=20.0)
2026-10-01 11:48:20 INFO __main__ Site is UP: https://example.com (0.24 s)
2026-10-01 12:19:49 INFO __main__ Checking https://example.com (timeout=7.0)
2026-10-01 12:19:50 INFO __main__ Site is UP: https://example.com (0.22 s)
2026-10-01 12:42:26 INFO app.main Checking https://example.com (timeout=7.0)
2026-10-01 12:42:27 INFO app.main Site is UP: https://example.com (0.52 s)
2026-10-01 12:42:35 INFO app.main Starting monitor: https://example.com (timeout=7.0, interval=3.0)
2026-10-01 12:42:35 INFO app.scheduler Scheduler started (interval=3.0 s)
2026-10-01 12:42:35 INFO app.main Site is UP: https://example.com (0.25 s)
2026-10-01 12:42:38 INFO app.main Site is UP: https://example.com (0.24 s)
2026-10-01 12:42:42 INFO app.main Site is UP: https://example.com (0.27 s)
2026-10-01 12:42:45 INFO app.main Site is UP: https://example.com (0.26 s)
2026-10-01 12:42:48 INFO app.main Site is UP: https://example.com (0.25 s)
2026-10-01 12:42:51 INFO app.main Site is UP: https://example.com (0.25 s)
2026-10-01 12:42:55 INFO app.main Site is UP: https://example.com (0.23 s)
2026-10-01 12:42:57 INFO app.main Received SIGINT, stopping...
2026-10-01 12:42:57 INFO app.scheduler Scheduler stopped after 7 iteration(s)
